Script started on Mon Nov 26 17:30:28 2018
[?1034hbash-3.2$ start
bash: start: command not found
bash-3.2$ echo "test"
test
bash-3.2$ ls
Project2.pdf			mydispatcher.c
algFCFS.c			mydispatcher.h
algFCFS.o			mydispatcher.o
algRR.c				mydispatcher.xcworkspace
algRR.o				outputFCFS10000.dat
algSRT.c			outputRR10000-4.dat
algSRT.o			outputRR10000.dat
algSTN.c			outputSPN10000.dat
algSTN.o			outputSRT10000.dat
book.dat			processesFCFS10000.csv
documentation			processesRR10000-4.csv
documentation.pages		processesRR10000.csv
input.dat			processesSPN10000.csv
libQmgr.c			processesSPT10000.csv
libQmgr.o			readme
libstats.c			sub
libstats.o			test.dat
makefile			typescript
mydispatcher
bash-3.2$ lsecho "test"[6Pstart[1Pexitquit./mydispatcher book.dat FCFS[1P[1P[1P[1P[1@i[1@n[1@p[1@u[1@t


Average turnaround time = 4807.7627 
Average normalized turnaround time = 1939.4366 
Average waiting time = 4802.8184 

programExecutionTime: 2.303973
bash-3.2$ ./mydispatcher input.dat FCFS[K[K[K[KRR


Average turnaround time = 4796.3286 
Average normalized turnaround time = 992.3883 
Average waiting time = 4791.3843 

programExecutionTime: 2.573637
bash-3.2$ ./mydispatcher input.dat RR[K[KSPN


Average turnaround time = 3320.5576 
Average normalized turnaround time = 1015.1395 
Average waiting time = 3315.5815 

programExecutionTime: 2.360821
bash-3.2$ ./mydispatcher input.dat SPN[K[KRT


Average turnaround time = 1289.3232 
Average normalized turnaround time = 74.9929 
Average waiting time = 1284.3752 

programExecutionTime: 2.328623
bash-3.2$ exit
exit

Script done on Mon Nov 26 17:31:49 2018
